Analysis & Synthesis report for 7SEG_FPGA_test
Sun Jul  7 16:45:31 2024
Quartus Prime Version 23.1std.1 Build 993 05/14/2024 SC Lite Edition


---------------------
; Table of Contents ;
---------------------
  1. Legal Notice
  2. Analysis & Synthesis Summary
  3. Analysis & Synthesis Settings
  4. Parallel Compilation
  5. Analysis & Synthesis Source Files Read
  6. Analysis & Synthesis Resource Usage Summary
  7. Analysis & Synthesis Resource Utilization by Entity
  8. Registers Removed During Synthesis
  9. General Register Statistics
 10. Inverted Register Statistics
 11. Multiplexer Restructuring Statistics (Restructuring Performed)
 12. Parameter Settings for User Entity Instance: LED_7SEG_Controller:U_controller
 13. Parameter Settings for User Entity Instance: LED_7SEG_Controller:U_controller|clk_divider:clk_div
 14. Port Connectivity Checks: "LED_7SEG_Controller:U_controller"
 15. Post-Synthesis Netlist Statistics for Top Partition
 16. Elapsed Time Per Partition
 17. Analysis & Synthesis Messages
 18. Analysis & Synthesis Suppressed Messages



----------------
; Legal Notice ;
----------------
Copyright (C) 2024  Intel Corporation. All rights reserved.
Your use of Intel Corporation's design tools, logic functions 
and other software and tools, and any partner logic 
functions, and any output files from any of the foregoing 
(including device programming or simulation files), and any 
associated documentation or information are expressly subject 
to the terms and conditions of the Intel Program License 
Subscription Agreement, the Intel Quartus Prime License Agreement,
the Intel FPGA IP License Agreement, or other applicable license
agreement, including, without limitation, that your use is for
the sole purpose of programming logic devices manufactured by
Intel and sold by Intel or its authorized distributors.  Please
refer to the applicable agreement for further details, at
https://fpgasoftware.intel.com/eula.



+-------------------------------------------------------------------------------------+
; Analysis & Synthesis Summary                                                        ;
+------------------------------------+------------------------------------------------+
; Analysis & Synthesis Status        ; Successful - Sun Jul  7 16:45:31 2024          ;
; Quartus Prime Version              ; 23.1std.1 Build 993 05/14/2024 SC Lite Edition ;
; Revision Name                      ; 7SEG_FPGA_test                                 ;
; Top-level Entity Name              ; SEG7_Controller_testbench                      ;
; Family                             ; Cyclone IV E                                   ;
; Total logic elements               ; 220                                            ;
;     Total combinational functions  ; 199                                            ;
;     Dedicated logic registers      ; 115                                            ;
; Total registers                    ; 115                                            ;
; Total pins                         ; 16                                             ;
; Total virtual pins                 ; 0                                              ;
; Total memory bits                  ; 0                                              ;
; Embedded Multiplier 9-bit elements ; 0                                              ;
; Total PLLs                         ; 0                                              ;
+------------------------------------+------------------------------------------------+


+-------------------------------------------------------------------------------------------------------------------+
; Analysis & Synthesis Settings                                                                                     ;
+------------------------------------------------------------------+---------------------------+--------------------+
; Option                                                           ; Setting                   ; Default Value      ;
+------------------------------------------------------------------+---------------------------+--------------------+
; Device                                                           ; EP4CE6E22C8               ;                    ;
; Top-level entity name                                            ; SEG7_Controller_testbench ; 7SEG_FPGA_test     ;
; Family name                                                      ; Cyclone IV E              ; Cyclone V          ;
; Type of Retiming Performed During Resynthesis                    ; Full                      ;                    ;
; Resynthesis Optimization Effort                                  ; Normal                    ;                    ;
; Physical Synthesis Level for Resynthesis                         ; Normal                    ;                    ;
; Use Generated Physical Constraints File                          ; On                        ;                    ;
; Use smart compilation                                            ; Off                       ; Off                ;
; Enable parallel Assembler and Timing Analyzer during compilation ; On                        ; On                 ;
; Enable compact report table                                      ; Off                       ; Off                ;
; Restructure Multiplexers                                         ; Auto                      ; Auto               ;
; Create Debugging Nodes for IP Cores                              ; Off                       ; Off                ;
; Preserve fewer node names                                        ; On                        ; On                 ;
; Intel FPGA IP Evaluation Mode                                    ; Enable                    ; Enable             ;
; Verilog Version                                                  ; Verilog_2001              ; Verilog_2001       ;
; VHDL Version                                                     ; VHDL_1993                 ; VHDL_1993          ;
; State Machine Processing                                         ; Auto                      ; Auto               ;
; Safe State Machine                                               ; Off                       ; Off                ;
; Extract Verilog State Machines                                   ; On                        ; On                 ;
; Extract VHDL State Machines                                      ; On                        ; On                 ;
; Ignore Verilog initial constructs                                ; Off                       ; Off                ;
; Iteration limit for constant Verilog loops                       ; 5000                      ; 5000               ;
; Iteration limit for non-constant Verilog loops                   ; 250                       ; 250                ;
; Add Pass-Through Logic to Inferred RAMs                          ; On                        ; On                 ;
; Infer RAMs from Raw Logic                                        ; On                        ; On                 ;
; Parallel Synthesis                                               ; On                        ; On                 ;
; DSP Block Balancing                                              ; Auto                      ; Auto               ;
; NOT Gate Push-Back                                               ; On                        ; On                 ;
; Power-Up Don't Care                                              ; On                        ; On                 ;
; Remove Redundant Logic Cells                                     ; Off                       ; Off                ;
; Remove Duplicate Registers                                       ; On                        ; On                 ;
; Ignore CARRY Buffers                                             ; Off                       ; Off                ;
; Ignore CASCADE Buffers                                           ; Off                       ; Off                ;
; Ignore GLOBAL Buffers                                            ; Off                       ; Off                ;
; Ignore ROW GLOBAL Buffers                                        ; Off                       ; Off                ;
; Ignore LCELL Buffers                                             ; Off                       ; Off                ;
; Ignore SOFT Buffers                                              ; On                        ; On                 ;
; Limit AHDL Integers to 32 Bits                                   ; Off                       ; Off                ;
; Optimization Technique                                           ; Balanced                  ; Balanced           ;
; Carry Chain Length                                               ; 70                        ; 70                 ;
; Auto Carry Chains                                                ; On                        ; On                 ;
; Auto Open-Drain Pins                                             ; On                        ; On                 ;
; Perform WYSIWYG Primitive Resynthesis                            ; Off                       ; Off                ;
; Auto ROM Replacement                                             ; On                        ; On                 ;
; Auto RAM Replacement                                             ; On                        ; On                 ;
; Auto DSP Block Replacement                                       ; On                        ; On                 ;
; Auto Shift Register Replacement                                  ; Auto                      ; Auto               ;
; Allow Shift Register Merging across Hierarchies                  ; Auto                      ; Auto               ;
; Auto Clock Enable Replacement                                    ; On                        ; On                 ;
; Strict RAM Replacement                                           ; Off                       ; Off                ;
; Allow Synchronous Control Signals                                ; On                        ; On                 ;
; Force Use of Synchronous Clear Signals                           ; Off                       ; Off                ;
; Auto RAM Block Balancing                                         ; On                        ; On                 ;
; Auto RAM to Logic Cell Conversion                                ; Off                       ; Off                ;
; Auto Resource Sharing                                            ; Off                       ; Off                ;
; Allow Any RAM Size For Recognition                               ; Off                       ; Off                ;
; Allow Any ROM Size For Recognition                               ; Off                       ; Off                ;
; Allow Any Shift Register Size For Recognition                    ; Off                       ; Off                ;
; Use LogicLock Constraints during Resource Balancing              ; On                        ; On                 ;
; Ignore translate_off and synthesis_off directives                ; Off                       ; Off                ;
; Timing-Driven Synthesis                                          ; On                        ; On                 ;
; Report Parameter Settings                                        ; On                        ; On                 ;
; Report Source Assignments                                        ; On                        ; On                 ;
; Report Connectivity Checks                                       ; On                        ; On                 ;
; Ignore Maximum Fan-Out Assignments                               ; Off                       ; Off                ;
; Synchronization Register Chain Length                            ; 2                         ; 2                  ;
; Power Optimization During Synthesis                              ; Normal compilation        ; Normal compilation ;
; HDL message level                                                ; Level2                    ; Level2             ;
; Suppress Register Optimization Related Messages                  ; Off                       ; Off                ;
; Number of Removed Registers Reported in Synthesis Report         ; 5000                      ; 5000               ;
; Number of Swept Nodes Reported in Synthesis Report               ; 5000                      ; 5000               ;
; Number of Inverted Registers Reported in Synthesis Report        ; 100                       ; 100                ;
; Clock MUX Protection                                             ; On                        ; On                 ;
; Auto Gated Clock Conversion                                      ; Off                       ; Off                ;
; Block Design Naming                                              ; Auto                      ; Auto               ;
; SDC constraint protection                                        ; Off                       ; Off                ;
; Synthesis Effort                                                 ; Auto                      ; Auto               ;
; Shift Register Replacement - Allow Asynchronous Clear Signal     ; On                        ; On                 ;
; Pre-Mapping Resynthesis Optimization                             ; Off                       ; Off                ;
; Analysis & Synthesis Message Level                               ; Medium                    ; Medium             ;
; Disable Register Merging Across Hierarchies                      ; Auto                      ; Auto               ;
; Resource Aware Inference For Block RAM                           ; On                        ; On                 ;
+------------------------------------------------------------------+---------------------------+--------------------+


+------------------------------------------+
; Parallel Compilation                     ;
+----------------------------+-------------+
; Processors                 ; Number      ;
+----------------------------+-------------+
; Number detected on machine ; 12          ;
; Maximum allowed            ; 8           ;
;                            ;             ;
; Average used               ; 1.00        ;
; Maximum used               ; 8           ;
;                            ;             ;
; Usage by Processor         ; % Time Used ;
;     Processor 1            ; 100.0%      ;
;     Processors 2-8         ;   0.0%      ;
+----------------------------+-------------+


+---------------------------------------------------------------------------------------------------------------------------------------------------------------------------------------------------------------------+
; Analysis & Synthesis Source Files Read                                                                                                                                                                              ;
+-----------------------------------+-----------------+------------------------------------+----------------------------------------------------------------------------------------------------------------+---------+
; File Name with User-Entered Path  ; Used in Netlist ; File Type                          ; File Name with Absolute Path                                                                                   ; Library ;
+-----------------------------------+-----------------+------------------------------------+----------------------------------------------------------------------------------------------------------------+---------+
; SEG7_Controller_testbench.sv      ; yes             ; User SystemVerilog HDL File        ; C:/Users/gmyus/OneDrive/Documentos/VSCodeRepositories/FPGAProjects/7SEG_FPGA_test/SEG7_Controller_testbench.sv ;         ;
; ../Modules/clk_divider.sv         ; yes             ; Auto-Found SystemVerilog HDL File  ; C:/Users/gmyus/OneDrive/Documentos/VSCodeRepositories/FPGAProjects/Modules/clk_divider.sv                      ;         ;
; ../Modules/LED_7SEG_Controller.sv ; yes             ; Auto-Found SystemVerilog HDL File  ; C:/Users/gmyus/OneDrive/Documentos/VSCodeRepositories/FPGAProjects/Modules/LED_7SEG_Controller.sv              ;         ;
; ../Modules/btn_debouncer.sv       ; yes             ; Auto-Found SystemVerilog HDL File  ; C:/Users/gmyus/OneDrive/Documentos/VSCodeRepositories/FPGAProjects/Modules/btn_debouncer.sv                    ;         ;
+-----------------------------------+-----------------+------------------------------------+----------------------------------------------------------------------------------------------------------------+---------+


+--------------------------------------------------------------+
; Analysis & Synthesis Resource Usage Summary                  ;
+---------------------------------------------+----------------+
; Resource                                    ; Usage          ;
+---------------------------------------------+----------------+
; Estimated Total logic elements              ; 220            ;
;                                             ;                ;
; Total combinational functions               ; 199            ;
; Logic element usage by number of LUT inputs ;                ;
;     -- 4 input functions                    ; 92             ;
;     -- 3 input functions                    ; 23             ;
;     -- <=2 input functions                  ; 84             ;
;                                             ;                ;
; Logic elements by mode                      ;                ;
;     -- normal mode                          ; 136            ;
;     -- arithmetic mode                      ; 63             ;
;                                             ;                ;
; Total registers                             ; 115            ;
;     -- Dedicated logic registers            ; 115            ;
;     -- I/O registers                        ; 0              ;
;                                             ;                ;
; I/O pins                                    ; 16             ;
;                                             ;                ;
; Embedded Multiplier 9-bit elements          ; 0              ;
;                                             ;                ;
; Maximum fan-out node                        ; FPGA_clk~input ;
; Maximum fan-out                             ; 113            ;
; Total fan-out                               ; 1086           ;
; Average fan-out                             ; 3.14           ;
+---------------------------------------------+----------------+


+-----------------------------------------------------------------------------------------------------------------------------------------------------------------------------------------------------------------------------------------------------------------------------------------------+
; Analysis & Synthesis Resource Utilization by Entity                                                                                                                                                                                                                                           ;
+---------------------------------------+---------------------+---------------------------+-------------+--------------+---------+-----------+------+--------------+---------------------------------------------------------------------------------+---------------------------+--------------+
; Compilation Hierarchy Node            ; Combinational ALUTs ; Dedicated Logic Registers ; Memory Bits ; DSP Elements ; DSP 9x9 ; DSP 18x18 ; Pins ; Virtual Pins ; Full Hierarchy Name                                                             ; Entity Name               ; Library Name ;
+---------------------------------------+---------------------+---------------------------+-------------+--------------+---------+-----------+------+--------------+---------------------------------------------------------------------------------+---------------------------+--------------+
; |SEG7_Controller_testbench            ; 199 (58)            ; 115 (18)                  ; 0           ; 0            ; 0       ; 0         ; 16   ; 0            ; |SEG7_Controller_testbench                                                      ; SEG7_Controller_testbench ; work         ;
;    |LED_7SEG_Controller:U_controller| ; 85 (39)             ; 63 (30)                   ; 0           ; 0            ; 0       ; 0         ; 0    ; 0            ; |SEG7_Controller_testbench|LED_7SEG_Controller:U_controller                     ; LED_7SEG_Controller       ; work         ;
;       |clk_divider:clk_div|           ; 46 (46)             ; 33 (33)                   ; 0           ; 0            ; 0       ; 0         ; 0    ; 0            ; |SEG7_Controller_testbench|LED_7SEG_Controller:U_controller|clk_divider:clk_div ; clk_divider               ; work         ;
;    |btn_debouncer:debouncer_decr|     ; 25 (25)             ; 17 (17)                   ; 0           ; 0            ; 0       ; 0         ; 0    ; 0            ; |SEG7_Controller_testbench|btn_debouncer:debouncer_decr                         ; btn_debouncer             ; work         ;
;    |btn_debouncer:debouncer_incr|     ; 24 (24)             ; 17 (17)                   ; 0           ; 0            ; 0       ; 0         ; 0    ; 0            ; |SEG7_Controller_testbench|btn_debouncer:debouncer_incr                         ; btn_debouncer             ; work         ;
;    |from_BCD_to_7SEG:bcd_to_7seg|     ; 7 (7)               ; 0 (0)                     ; 0           ; 0            ; 0       ; 0         ; 0    ; 0            ; |SEG7_Controller_testbench|from_BCD_to_7SEG:bcd_to_7seg                         ; from_BCD_to_7SEG          ; work         ;
+---------------------------------------+---------------------+---------------------------+-------------+--------------+---------+-----------+------+--------------+---------------------------------------------------------------------------------+---------------------------+--------------+
Note: For table entries with two numbers listed, the numbers in parentheses indicate the number of resources of the given type used by the specific entity alone. The numbers listed outside of parentheses indicate the total resources of the given type used by the specific entity and all of its sub-entities in the hierarchy.


+------------------------------------------------------------------------------------------+
; Registers Removed During Synthesis                                                       ;
+-------------------------------------------------+----------------------------------------+
; Register name                                   ; Reason for Removal                     ;
+-------------------------------------------------+----------------------------------------+
; LED_7SEG_Controller:U_controller|LED_regs[0][7] ; Stuck at VCC due to stuck port data_in ;
; LED_7SEG_Controller:U_controller|LED_regs[1][7] ; Stuck at VCC due to stuck port data_in ;
; LED_7SEG_Controller:U_controller|LED_regs[2][7] ; Stuck at VCC due to stuck port data_in ;
; LED_7SEG_Controller:U_controller|LED_regs[3][7] ; Stuck at VCC due to stuck port data_in ;
; Total Number of Removed Registers = 4           ;                                        ;
+-------------------------------------------------+----------------------------------------+


+------------------------------------------------------+
; General Register Statistics                          ;
+----------------------------------------------+-------+
; Statistic                                    ; Value ;
+----------------------------------------------+-------+
; Total registers                              ; 115   ;
; Number of registers using Synchronous Clear  ; 66    ;
; Number of registers using Synchronous Load   ; 4     ;
; Number of registers using Asynchronous Clear ; 81    ;
; Number of registers using Asynchronous Load  ; 0     ;
; Number of registers using Clock Enable       ; 74    ;
; Number of registers using Preset             ; 0     ;
+----------------------------------------------+-------+


+-----------------------------------------------------------+
; Inverted Register Statistics                              ;
+-------------------------------------------------+---------+
; Inverted Register                               ; Fan out ;
+-------------------------------------------------+---------+
; LED_7SEG_Controller:U_controller|LED_regs[2][0] ; 2       ;
; LED_7SEG_Controller:U_controller|LED_regs[1][0] ; 2       ;
; LED_7SEG_Controller:U_controller|LED_regs[0][0] ; 2       ;
; LED_7SEG_Controller:U_controller|LED_regs[3][0] ; 2       ;
; LED_7SEG_Controller:U_controller|LED_regs[2][1] ; 2       ;
; LED_7SEG_Controller:U_controller|LED_regs[1][1] ; 2       ;
; LED_7SEG_Controller:U_controller|LED_regs[0][1] ; 2       ;
; LED_7SEG_Controller:U_controller|LED_regs[3][1] ; 2       ;
; LED_7SEG_Controller:U_controller|LED_regs[1][2] ; 2       ;
; LED_7SEG_Controller:U_controller|LED_regs[2][2] ; 2       ;
; LED_7SEG_Controller:U_controller|LED_regs[0][2] ; 2       ;
; LED_7SEG_Controller:U_controller|LED_regs[3][2] ; 2       ;
; LED_7SEG_Controller:U_controller|LED_regs[2][3] ; 2       ;
; LED_7SEG_Controller:U_controller|LED_regs[1][3] ; 2       ;
; LED_7SEG_Controller:U_controller|LED_regs[0][3] ; 2       ;
; LED_7SEG_Controller:U_controller|LED_regs[3][3] ; 2       ;
; LED_7SEG_Controller:U_controller|LED_regs[1][4] ; 2       ;
; LED_7SEG_Controller:U_controller|LED_regs[2][4] ; 2       ;
; LED_7SEG_Controller:U_controller|LED_regs[0][4] ; 2       ;
; LED_7SEG_Controller:U_controller|LED_regs[3][4] ; 2       ;
; LED_7SEG_Controller:U_controller|LED_regs[2][5] ; 2       ;
; LED_7SEG_Controller:U_controller|LED_regs[1][5] ; 2       ;
; LED_7SEG_Controller:U_controller|LED_regs[0][5] ; 2       ;
; LED_7SEG_Controller:U_controller|LED_regs[3][5] ; 2       ;
; LED_7SEG_Controller:U_controller|LED_regs[1][6] ; 2       ;
; LED_7SEG_Controller:U_controller|LED_regs[2][6] ; 2       ;
; LED_7SEG_Controller:U_controller|LED_regs[0][6] ; 2       ;
; LED_7SEG_Controller:U_controller|LED_regs[3][6] ; 2       ;
; addr[1]                                         ; 12      ;
; addr[0]                                         ; 11      ;
; Total number of inverted registers = 30         ;         ;
+-------------------------------------------------+---------+


+---------------------------------------------------------------------------------------------------------------------------------------------------------------------------------------+
; Multiplexer Restructuring Statistics (Restructuring Performed)                                                                                                                        ;
+--------------------+-----------+---------------+----------------------+------------------------+------------+-------------------------------------------------------------------------+
; Multiplexer Inputs ; Bus Width ; Baseline Area ; Area if Restructured ; Saving if Restructured ; Registered ; Example Multiplexer Output                                              ;
+--------------------+-----------+---------------+----------------------+------------------------+------------+-------------------------------------------------------------------------+
; 3:1                ; 17 bits   ; 34 LEs        ; 17 LEs               ; 17 LEs                 ; Yes        ; |SEG7_Controller_testbench|btn_debouncer:debouncer_decr|counter[0]      ;
; 3:1                ; 17 bits   ; 34 LEs        ; 17 LEs               ; 17 LEs                 ; Yes        ; |SEG7_Controller_testbench|btn_debouncer:debouncer_incr|counter[0]      ;
; 5:1                ; 3 bits    ; 9 LEs         ; 6 LEs                ; 3 LEs                  ; Yes        ; |SEG7_Controller_testbench|digit[0][2]                                  ;
; 9:1                ; 3 bits    ; 18 LEs        ; 6 LEs                ; 12 LEs                 ; Yes        ; |SEG7_Controller_testbench|digit[1][1]                                  ;
; 17:1               ; 3 bits    ; 33 LEs        ; 6 LEs                ; 27 LEs                 ; Yes        ; |SEG7_Controller_testbench|digit[2][1]                                  ;
; 33:1               ; 3 bits    ; 66 LEs        ; 6 LEs                ; 60 LEs                 ; Yes        ; |SEG7_Controller_testbench|digit[3][1]                                  ;
; 4:1                ; 4 bits    ; 8 LEs         ; 8 LEs                ; 0 LEs                  ; No         ; |SEG7_Controller_testbench|Mux3                                         ;
; 5:1                ; 7 bits    ; 21 LEs        ; 21 LEs               ; 0 LEs                  ; No         ; |SEG7_Controller_testbench|LED_7SEG_Controller:U_controller|LED_7SEG[0] ;
+--------------------+-----------+---------------+----------------------+------------------------+------------+-------------------------------------------------------------------------+


+-------------------------------------------------------------------------------+
; Parameter Settings for User Entity Instance: LED_7SEG_Controller:U_controller ;
+----------------+----------+---------------------------------------------------+
; Parameter Name ; Value    ; Type                                              ;
+----------------+----------+---------------------------------------------------+
; REFRESH_FREQ   ; 150      ; Signed Integer                                    ;
; FPGA_FREQ      ; 50000000 ; Signed Integer                                    ;
+----------------+----------+---------------------------------------------------+
Note: In order to hide this table in the UI and the text report file, please set the "Show Parameter Settings in Synthesis Report" option in "Analysis and Synthesis Settings -> More Settings" to "Off".


+---------------------------------------------------------------------------------------------------+
; Parameter Settings for User Entity Instance: LED_7SEG_Controller:U_controller|clk_divider:clk_div ;
+----------------+----------+-----------------------------------------------------------------------+
; Parameter Name ; Value    ; Type                                                                  ;
+----------------+----------+-----------------------------------------------------------------------+
; TARGET_FREQ    ; 150      ; Signed Integer                                                        ;
; FPGA_FREQ      ; 50000000 ; Signed Integer                                                        ;
+----------------+----------+-----------------------------------------------------------------------+
Note: In order to hide this table in the UI and the text report file, please set the "Show Parameter Settings in Synthesis Report" option in "Analysis and Synthesis Settings -> More Settings" to "Off".


+--------------------------------------------------------------+
; Port Connectivity Checks: "LED_7SEG_Controller:U_controller" ;
+---------+-------+----------+---------------------------------+
; Port    ; Type  ; Severity ; Details                         ;
+---------+-------+----------+---------------------------------+
; en_w    ; Input ; Info     ; Stuck at VCC                    ;
; data[7] ; Input ; Info     ; Stuck at VCC                    ;
+---------+-------+----------+---------------------------------+


+-----------------------------------------------------+
; Post-Synthesis Netlist Statistics for Top Partition ;
+-----------------------+-----------------------------+
; Type                  ; Count                       ;
+-----------------------+-----------------------------+
; boundary_port         ; 16                          ;
; cycloneiii_ff         ; 115                         ;
;     CLR               ; 5                           ;
;     CLR SCLR          ; 32                          ;
;     CLR SLD           ; 4                           ;
;     ENA CLR           ; 40                          ;
;     ENA SCLR          ; 34                          ;
; cycloneiii_lcell_comb ; 200                         ;
;     arith             ; 63                          ;
;         2 data inputs ; 63                          ;
;     normal            ; 137                         ;
;         0 data inputs ; 1                           ;
;         1 data inputs ; 5                           ;
;         2 data inputs ; 16                          ;
;         3 data inputs ; 23                          ;
;         4 data inputs ; 92                          ;
;                       ;                             ;
; Max LUT depth         ; 5.00                        ;
; Average LUT depth     ; 3.06                        ;
+-----------------------+-----------------------------+


+-------------------------------+
; Elapsed Time Per Partition    ;
+----------------+--------------+
; Partition Name ; Elapsed Time ;
+----------------+--------------+
; Top            ; 00:00:00     ;
+----------------+--------------+


+-------------------------------+
; Analysis & Synthesis Messages ;
+-------------------------------+
Info: *******************************************************************
Info: Running Quartus Prime Analysis & Synthesis
    Info: Version 23.1std.1 Build 993 05/14/2024 SC Lite Edition
    Info: Processing started: Sun Jul  7 16:45:25 2024
Info: Command: quartus_map --read_settings_files=on --write_settings_files=off 7SEG_FPGA_test -c 7SEG_FPGA_test
Warning (18236): Number of processors has not been specified which may cause overloading on shared machines.  Set the global assignment NUM_PARALLEL_PROCESSORS in your QSF to an appropriate value for best performance.
Info (20030): Parallel compilation is enabled and will use 8 of the 8 processors detected
Info (12021): Found 5 design units, including 5 entities, in source file seg7_controller_testbench.sv
    Info (12023): Found entity 1: clk_divider File: C:/Users/gmyus/OneDrive/Documentos/VSCodeRepositories/FPGAProjects/Modules/clk_divider.sv Line: 5
    Info (12023): Found entity 2: LED_7SEG_Controller File: C:/Users/gmyus/OneDrive/Documentos/VSCodeRepositories/FPGAProjects/Modules/LED_7SEG_Controller.sv Line: 22
    Info (12023): Found entity 3: btn_debouncer File: C:/Users/gmyus/OneDrive/Documentos/VSCodeRepositories/FPGAProjects/Modules/btn_debouncer.sv Line: 1
    Info (12023): Found entity 4: SEG7_Controller_testbench File: C:/Users/gmyus/OneDrive/Documentos/VSCodeRepositories/FPGAProjects/7SEG_FPGA_test/SEG7_Controller_testbench.sv Line: 24
    Info (12023): Found entity 5: from_BCD_to_7SEG File: C:/Users/gmyus/OneDrive/Documentos/VSCodeRepositories/FPGAProjects/7SEG_FPGA_test/SEG7_Controller_testbench.sv Line: 115
Info (12127): Elaborating entity "SEG7_Controller_testbench" for the top level hierarchy
Warning (10230): Verilog HDL assignment warning at SEG7_Controller_testbench.sv(78): truncated value with size 32 to match size of target (2) File: C:/Users/gmyus/OneDrive/Documentos/VSCodeRepositories/FPGAProjects/7SEG_FPGA_test/SEG7_Controller_testbench.sv Line: 78
Warning (10230): Verilog HDL assignment warning at SEG7_Controller_testbench.sv(94): truncated value with size 32 to match size of target (4) File: C:/Users/gmyus/OneDrive/Documentos/VSCodeRepositories/FPGAProjects/7SEG_FPGA_test/SEG7_Controller_testbench.sv Line: 94
Warning (10230): Verilog HDL assignment warning at SEG7_Controller_testbench.sv(95): truncated value with size 32 to match size of target (4) File: C:/Users/gmyus/OneDrive/Documentos/VSCodeRepositories/FPGAProjects/7SEG_FPGA_test/SEG7_Controller_testbench.sv Line: 95
Warning (10230): Verilog HDL assignment warning at SEG7_Controller_testbench.sv(96): truncated value with size 32 to match size of target (4) File: C:/Users/gmyus/OneDrive/Documentos/VSCodeRepositories/FPGAProjects/7SEG_FPGA_test/SEG7_Controller_testbench.sv Line: 96
Warning (10230): Verilog HDL assignment warning at SEG7_Controller_testbench.sv(97): truncated value with size 32 to match size of target (4) File: C:/Users/gmyus/OneDrive/Documentos/VSCodeRepositories/FPGAProjects/7SEG_FPGA_test/SEG7_Controller_testbench.sv Line: 97
Warning (10935): Verilog HDL Casex/Casez warning at SEG7_Controller_testbench.sv(94): casex/casez item expression overlaps with a previous casex/casez item expression File: C:/Users/gmyus/OneDrive/Documentos/VSCodeRepositories/FPGAProjects/7SEG_FPGA_test/SEG7_Controller_testbench.sv Line: 94
Warning (10935): Verilog HDL Casex/Casez warning at SEG7_Controller_testbench.sv(95): casex/casez item expression overlaps with a previous casex/casez item expression File: C:/Users/gmyus/OneDrive/Documentos/VSCodeRepositories/FPGAProjects/7SEG_FPGA_test/SEG7_Controller_testbench.sv Line: 95
Warning (10935): Verilog HDL Casex/Casez warning at SEG7_Controller_testbench.sv(96): casex/casez item expression overlaps with a previous casex/casez item expression File: C:/Users/gmyus/OneDrive/Documentos/VSCodeRepositories/FPGAProjects/7SEG_FPGA_test/SEG7_Controller_testbench.sv Line: 96
Warning (10230): Verilog HDL assignment warning at SEG7_Controller_testbench.sv(104): truncated value with size 32 to match size of target (4) File: C:/Users/gmyus/OneDrive/Documentos/VSCodeRepositories/FPGAProjects/7SEG_FPGA_test/SEG7_Controller_testbench.sv Line: 104
Warning (10230): Verilog HDL assignment warning at SEG7_Controller_testbench.sv(105): truncated value with size 32 to match size of target (4) File: C:/Users/gmyus/OneDrive/Documentos/VSCodeRepositories/FPGAProjects/7SEG_FPGA_test/SEG7_Controller_testbench.sv Line: 105
Warning (10230): Verilog HDL assignment warning at SEG7_Controller_testbench.sv(106): truncated value with size 32 to match size of target (4) File: C:/Users/gmyus/OneDrive/Documentos/VSCodeRepositories/FPGAProjects/7SEG_FPGA_test/SEG7_Controller_testbench.sv Line: 106
Warning (10230): Verilog HDL assignment warning at SEG7_Controller_testbench.sv(107): truncated value with size 32 to match size of target (4) File: C:/Users/gmyus/OneDrive/Documentos/VSCodeRepositories/FPGAProjects/7SEG_FPGA_test/SEG7_Controller_testbench.sv Line: 107
Warning (10935): Verilog HDL Casex/Casez warning at SEG7_Controller_testbench.sv(104): casex/casez item expression overlaps with a previous casex/casez item expression File: C:/Users/gmyus/OneDrive/Documentos/VSCodeRepositories/FPGAProjects/7SEG_FPGA_test/SEG7_Controller_testbench.sv Line: 104
Warning (10935): Verilog HDL Casex/Casez warning at SEG7_Controller_testbench.sv(105): casex/casez item expression overlaps with a previous casex/casez item expression File: C:/Users/gmyus/OneDrive/Documentos/VSCodeRepositories/FPGAProjects/7SEG_FPGA_test/SEG7_Controller_testbench.sv Line: 105
Warning (10935): Verilog HDL Casex/Casez warning at SEG7_Controller_testbench.sv(106): casex/casez item expression overlaps with a previous casex/casez item expression File: C:/Users/gmyus/OneDrive/Documentos/VSCodeRepositories/FPGAProjects/7SEG_FPGA_test/SEG7_Controller_testbench.sv Line: 106
Info (12128): Elaborating entity "btn_debouncer" for hierarchy "btn_debouncer:debouncer_incr" File: C:/Users/gmyus/OneDrive/Documentos/VSCodeRepositories/FPGAProjects/7SEG_FPGA_test/SEG7_Controller_testbench.sv Line: 29
Warning (10230): Verilog HDL assignment warning at btn_debouncer.sv(19): truncated value with size 32 to match size of target (17) File: C:/Users/gmyus/OneDrive/Documentos/VSCodeRepositories/FPGAProjects/Modules/btn_debouncer.sv Line: 19
Info (12128): Elaborating entity "from_BCD_to_7SEG" for hierarchy "from_BCD_to_7SEG:bcd_to_7seg" File: C:/Users/gmyus/OneDrive/Documentos/VSCodeRepositories/FPGAProjects/7SEG_FPGA_test/SEG7_Controller_testbench.sv Line: 43
Info (12128): Elaborating entity "LED_7SEG_Controller" for hierarchy "LED_7SEG_Controller:U_controller" File: C:/Users/gmyus/OneDrive/Documentos/VSCodeRepositories/FPGAProjects/7SEG_FPGA_test/SEG7_Controller_testbench.sv Line: 44
Warning (10230): Verilog HDL assignment warning at LED_7SEG_Controller.sv(51): truncated value with size 32 to match size of target (2) File: C:/Users/gmyus/OneDrive/Documentos/VSCodeRepositories/FPGAProjects/Modules/LED_7SEG_Controller.sv Line: 51
Info (12128): Elaborating entity "clk_divider" for hierarchy "LED_7SEG_Controller:U_controller|clk_divider:clk_div" File: C:/Users/gmyus/OneDrive/Documentos/VSCodeRepositories/FPGAProjects/Modules/LED_7SEG_Controller.sv Line: 28
Info (13000): Registers with preset signals will power-up high File: C:/Users/gmyus/OneDrive/Documentos/VSCodeRepositories/FPGAProjects/Modules/LED_7SEG_Controller.sv Line: 38
Info (13003): DEV_CLRn pin will set, and not reset, register with preset signal due to NOT Gate Push-Back
Warning (13024): Output pins are stuck at VCC or GND
    Warning (13410): Pin "LED_dot" is stuck at VCC File: C:/Users/gmyus/OneDrive/Documentos/VSCodeRepositories/FPGAProjects/7SEG_FPGA_test/SEG7_Controller_testbench.sv Line: 24
Info (286030): Timing-Driven Synthesis is running
Info (144001): Generated suppressed messages file C:/Users/gmyus/OneDrive/Documentos/VSCodeRepositories/FPGAProjects/7SEG_FPGA_test/output_files/7SEG_FPGA_test.map.smsg
Info (16010): Generating hard_block partition "hard_block:auto_generated_inst"
    Info (16011): Adding 0 node(s), including 0 DDIO, 0 PLL, 0 transceiver and 0 LCELL
Info (21057): Implemented 243 device resources after synthesis - the final resource count might be different
    Info (21058): Implemented 4 input pins
    Info (21059): Implemented 12 output pins
    Info (21061): Implemented 227 logic cells
Info: Quartus Prime Analysis & Synthesis was successful. 0 errors, 20 warnings
    Info: Peak virtual memory: 4800 megabytes
    Info: Processing ended: Sun Jul  7 16:45:31 2024
    Info: Elapsed time: 00:00:06
    Info: Total CPU time (on all processors): 00:00:05


+------------------------------------------+
; Analysis & Synthesis Suppressed Messages ;
+------------------------------------------+
The suppressed messages can be found in C:/Users/gmyus/OneDrive/Documentos/VSCodeRepositories/FPGAProjects/7SEG_FPGA_test/output_files/7SEG_FPGA_test.map.smsg.


